pip 26.1.1 from /mnt/e/CODE/ADE/Agentic-Document-Extraction-PDF-main/Agentic-Document-Extraction-PDF-main/.venv/lib/python3.12/site-packages/pip (python 3.12)
backend-imports-ok

[1m[94m============================================================[0m
[1m[94m  PDF Document Extraction System[0m
[1m[94m  Universal Multi-Record Extraction with VLM[0m
[1m[94m============================================================[0m

[12:58:15] [MAIN] [1mRunning pre-flight checks...[0m
[92m[12:58:15] [MAIN] Python version: 3.12.3[0m
[92m[12:58:15] [MAIN] Node.js version: v20.20.1[0m
[92m[12:58:15] [MAIN] npm version: 10.8.2[0m
[92m[12:58:25] [MAIN] Backend dependencies: OK[0m
[92m[12:58:25] [MAIN] Frontend dependencies: OK[0m
[92m[12:58:25] [MAIN] Environment file: OK[0m
[92m[12:58:25] [MAIN] Security configuration: OK[0m
[92m[12:58:25] [MAIN] All checks passed![0m

> pdf-extraction-frontend@1.0.0 build
> next build

Attention: Next.js now collects completely anonymous telemetry regarding usage.
This information is used to shape Next.js' roadmap and prioritize features.
You can learn more, including how to opt-out if you'd not like to participate in this anonymous program, by visiting the following URL:
https://nextjs.org/telemetry

  ▲ Next.js 14.2.33
  - Environments: .env.local

   Creating an optimized production build ...
Failed to compile.

./src/app/dashboard/page.tsx
Module not found: Can't resolve '@/lib/utils'

https://nextjs.org/docs/messages/module-not-found

./src/app/documents/[id]/page.tsx
Module not found: Can't resolve '@/lib/api'

https://nextjs.org/docs/messages/module-not-found

./src/app/documents/[id]/page.tsx
Module not found: Can't resolve '@/lib/utils'

https://nextjs.org/docs/messages/module-not-found

./src/app/documents/page.tsx
Module not found: Can't resolve '@/lib/api'

https://nextjs.org/docs/messages/module-not-found

./src/app/documents/page.tsx
Module not found: Can't resolve '@/lib/utils'

https://nextjs.org/docs/messages/module-not-found


> Build failed because of webpack errors
